// Jest Snapshot v1, https://goo.gl/fbAQLP

exports[`main 1`] = `"var Foo = {};"`;
